........................................................................ [  4%]
........................................................................ [  9%]
........................................................................ [ 14%]
........................................................................ [ 19%]
........................................................................ [ 24%]
........................................................................ [ 29%]
........................................................................ [ 34%]
........................................................................ [ 39%]
........................................................................ [ 44%]
........................................................................ [ 49%]
........................................................................ [ 54%]
........................................................................ [ 59%]
........................................................................ [ 64%]
........................................................................ [ 69%]
........................................................................ [ 74%]
........................................................................ [ 79%]
........................................................................ [ 84%]
........................................................................ [ 89%]
........................................................................ [ 94%]
........................................................................ [ 99%]
.........                                                                [100%]
=============================== warnings summary ===============================
tests/test_mir_metrics.py::test_all_features_finite_and_shaped
tests/test_mir_metrics.py::test_deterministic_reextraction
  /home/bphan944/PersonalProjects/spotifyProject/ml/audio_similarity/.venv/lib/python3.11/site-packages/librosa/core/spectrum.py:266: UserWarning: n_fft=1024 is too large for input signal of length=533
    warnings.warn(

tests/test_mir_metrics.py::test_all_features_finite_and_shaped
  /home/bphan944/PersonalProjects/spotifyProject/ml/audio_similarity/.venv/lib/python3.11/site-packages/librosa/core/spectrum.py:266: UserWarning: n_fft=1024 is too large for input signal of length=799
    warnings.warn(

tests/test_mir_metrics.py::test_all_features_finite_and_shaped
  /home/bphan944/PersonalProjects/spotifyProject/ml/audio_similarity/.venv/lib/python3.11/site-packages/librosa/core/spectrum.py:266: UserWarning: n_fft=1024 is too large for input signal of length=400
    warnings.warn(

tests/test_mir_metrics.py::test_all_features_finite_and_shaped
  /home/bphan944/PersonalProjects/spotifyProject/ml/audio_similarity/.venv/lib/python3.11/site-packages/librosa/core/spectrum.py:266: UserWarning: n_fft=1024 is too large for input signal of length=941
    warnings.warn(

tests/test_mir_metrics.py::test_all_features_finite_and_shaped
  /home/bphan944/PersonalProjects/spotifyProject/ml/audio_similarity/.venv/lib/python3.11/site-packages/librosa/core/spectrum.py:266: UserWarning: n_fft=1024 is too large for input signal of length=471
    warnings.warn(

tests/test_mir_metrics.py::test_all_features_finite_and_shaped
  /home/bphan944/PersonalProjects/spotifyProject/ml/audio_similarity/.venv/lib/python3.11/site-packages/librosa/core/spectrum.py:266: UserWarning: n_fft=1024 is too large for input signal of length=750
    warnings.warn(

tests/test_mir_metrics.py::test_all_features_finite_and_shaped
  /home/bphan944/PersonalProjects/spotifyProject/ml/audio_similarity/.venv/lib/python3.11/site-packages/librosa/core/spectrum.py:266: UserWarning: n_fft=1024 is too large for input signal of length=375
    warnings.warn(

tests/test_mir_metrics.py::test_feature_cache_roundtrip
  /home/bphan944/PersonalProjects/spotifyProject/ml/audio_similarity/.venv/lib/python3.11/site-packages/librosa/core/spectrum.py:266: UserWarning: n_fft=1024 is too large for input signal of length=698
    warnings.warn(

tests/test_mir_metrics.py::test_feature_cache_roundtrip
  /home/bphan944/PersonalProjects/spotifyProject/ml/audio_similarity/.venv/lib/python3.11/site-packages/librosa/core/spectrum.py:266: UserWarning: n_fft=1024 is too large for input signal of length=349
    warnings.warn(

tests/test_stage2_residuals.py::test_extract_is_finite_complete_and_resumable_with_fake_merit
  /home/bphan944/PersonalProjects/spotifyProject/ml/audio_similarity/.venv/lib/python3.11/site-packages/librosa/core/pitch.py:103: UserWarning: Trying to estimate tuning from empty frequency set.
    return pitch_tuning(

-- Docs: https://docs.pytest.org/en/stable/how-to/capture-warnings.html
1449 passed, 12 deselected, 11 warnings in 295.08s (0:04:55)
